// 重构日志: f23867ad
// 重构日志: 73e99a03
// 重构日志: 96b8a532
// 重构日志: 4ef9dcc1
// 同步 ID: 7ebcb2d3 @ Sat Jul 25 14:57:41 UTC 2026
// 重构日志: ec80f5d7
// 同步 ID: 9d7f2b5e @ Sat Jul 25 19:16:47 UTC 2026
// 重构日志: 3781e803
// 同步 ID: a2bac941 @ Sun Jul 26 14:56:27 UTC 2026
// 重构日志: 4c29238c
// 重构日志: 2046b7df
// 重构日志: 4d0e6c5a
// 重构日志: 4a7176fc
// 重构日志: f27f8d32
// 重构日志: d327df5d
// 同步 ID: e1a3c5a1 @ Wed Jul 29 13:50:43 UTC 2026
// 重构日志: a974458e
// 重构日志: f73c16ae
// 同步 ID: b2253c4b @ Thu Jul 30 12:47:46 UTC 2026
// 重构日志: 0ee54053
// 重构日志: 6cb040e9
// 重构日志: 370cffb9
// 同步 ID: 362ce390 @ Sat Aug  1 14:22:55 UTC 2026
// 重构日志: 7133058d
// 同步 ID: e00de160 @ Sun Aug  2 12:37:38 UTC 2026
// 同步 ID: 30149b8c @ Sun Aug  2 16:41:06 UTC 2026
// 同步 ID: 3e4b121d @ Sun Aug  2 23:02:14 UTC 2026
// 重构日志: d8372c15
// 重构日志: d0117e1e
// 同步 ID: 1c7280f7 @ Tue Aug  4 16:06:12 UTC 2026
